[0.377s] Invoking command in '/home/invictron/MOANS/src/my_project': DEBUGINFOD_URLS=https://debuginfod.ubuntu.com PYTHONPATH=/home/invictron/MOANS/src/build/my_project/prefix_override:/usr/lib/python3/dist-packages/colcon_core/task/python/colcon_distutils_commands:/home/invictron/MOANS/src/install/my_project/lib/python3.12/site-packages:${PYTHONPATH} /usr/bin/python3 -W ignore:setup.py install is deprecated -W ignore:easy_install command is deprecated setup.py egg_info --egg-base ../build/my_project build --build-base /home/invictron/MOANS/src/build/my_project/build install --record /home/invictron/MOANS/src/build/my_project/install.log --single-version-externally-managed install_data
[0.498s] running egg_info
[0.507s] writing ../build/my_project/my_project.egg-info/PKG-INFO
[0.507s] writing dependency_links to ../build/my_project/my_project.egg-info/dependency_links.txt
[0.507s] writing entry points to ../build/my_project/my_project.egg-info/entry_points.txt
[0.508s] writing requirements to ../build/my_project/my_project.egg-info/requires.txt
[0.508s] writing top-level names to ../build/my_project/my_project.egg-info/top_level.txt
[0.525s] reading manifest file '../build/my_project/my_project.egg-info/SOURCES.txt'
[0.525s] writing manifest file '../build/my_project/my_project.egg-info/SOURCES.txt'
[0.525s] running build
[0.525s] running build_py
[0.525s] copying my_project/train_agent.py -> /home/invictron/MOANS/src/build/my_project/build/lib/my_project
[0.525s] copying my_project/checkpoint_manager.py -> /home/invictron/MOANS/src/build/my_project/build/lib/my_project
[0.526s] running install
[0.528s] running install_lib
[0.537s] copying /home/invictron/MOANS/src/build/my_project/build/lib/my_project/train_agent.py -> /home/invictron/MOANS/src/install/my_project/lib/python3.12/site-packages/my_project
[0.537s] copying /home/invictron/MOANS/src/build/my_project/build/lib/my_project/checkpoint_manager.py -> /home/invictron/MOANS/src/install/my_project/lib/python3.12/site-packages/my_project
[0.538s] byte-compiling /home/invictron/MOANS/src/install/my_project/lib/python3.12/site-packages/my_project/train_agent.py to train_agent.cpython-312.pyc
[0.540s] byte-compiling /home/invictron/MOANS/src/install/my_project/lib/python3.12/site-packages/my_project/checkpoint_manager.py to checkpoint_manager.cpython-312.pyc
[0.541s] running install_data
[0.541s] running install_egg_info
[0.551s] removing '/home/invictron/MOANS/src/install/my_project/lib/python3.12/site-packages/my_project-0.0.0-py3.12.egg-info' (and everything under it)
[0.551s] Copying ../build/my_project/my_project.egg-info to /home/invictron/MOANS/src/install/my_project/lib/python3.12/site-packages/my_project-0.0.0-py3.12.egg-info
[0.551s] running install_scripts
[0.608s] Installing drl_navigator script to /home/invictron/MOANS/src/install/my_project/lib/my_project
[0.608s] Installing train_agent script to /home/invictron/MOANS/src/install/my_project/lib/my_project
[0.608s] writing list of installed files to '/home/invictron/MOANS/src/build/my_project/install.log'
[0.620s] Invoked command in '/home/invictron/MOANS/src/my_project' returned '0': DEBUGINFOD_URLS=https://debuginfod.ubuntu.com PYTHONPATH=/home/invictron/MOANS/src/build/my_project/prefix_override:/usr/lib/python3/dist-packages/colcon_core/task/python/colcon_distutils_commands:/home/invictron/MOANS/src/install/my_project/lib/python3.12/site-packages:${PYTHONPATH} /usr/bin/python3 -W ignore:setup.py install is deprecated -W ignore:easy_install command is deprecated setup.py egg_info --egg-base ../build/my_project build --build-base /home/invictron/MOANS/src/build/my_project/build install --record /home/invictron/MOANS/src/build/my_project/install.log --single-version-externally-managed install_data
