[0.368s] Invoking command in '/home/invictron/MOANS/src/my_project': DEBUGINFOD_URLS=https://debuginfod.ubuntu.com PYTHONPATH=/home/invictron/MOANS/src/build/my_project/prefix_override:/usr/lib/python3/dist-packages/colcon_core/task/python/colcon_distutils_commands:/home/invictron/MOANS/src/install/my_project/lib/python3.12/site-packages:${PYTHONPATH} /usr/bin/python3 -W ignore:setup.py install is deprecated -W ignore:easy_install command is deprecated setup.py egg_info --egg-base ../build/my_project build --build-base /home/invictron/MOANS/src/build/my_project/build install --record /home/invictron/MOANS/src/build/my_project/install.log --single-version-externally-managed install_data
[0.491s] running egg_info
[0.500s] writing ../build/my_project/my_project.egg-info/PKG-INFO
[0.500s] writing dependency_links to ../build/my_project/my_project.egg-info/dependency_links.txt
[0.500s] writing entry points to ../build/my_project/my_project.egg-info/entry_points.txt
[0.500s] writing requirements to ../build/my_project/my_project.egg-info/requires.txt
[0.500s] writing top-level names to ../build/my_project/my_project.egg-info/top_level.txt
[0.518s] reading manifest file '../build/my_project/my_project.egg-info/SOURCES.txt'
[0.518s] writing manifest file '../build/my_project/my_project.egg-info/SOURCES.txt'
[0.518s] running build
[0.518s] running build_py
[0.518s] running install
[0.521s] running install_lib
[0.530s] running install_data
[0.530s] running install_egg_info
[0.540s] removing '/home/invictron/MOANS/src/install/my_project/lib/python3.12/site-packages/my_project-0.0.0-py3.12.egg-info' (and everything under it)
[0.540s] Copying ../build/my_project/my_project.egg-info to /home/invictron/MOANS/src/install/my_project/lib/python3.12/site-packages/my_project-0.0.0-py3.12.egg-info
[0.540s] running install_scripts
[0.597s] Installing drl_navigator script to /home/invictron/MOANS/src/install/my_project/lib/my_project
[0.597s] Installing train_agent script to /home/invictron/MOANS/src/install/my_project/lib/my_project
[0.597s] writing list of installed files to '/home/invictron/MOANS/src/build/my_project/install.log'
[0.609s] Invoked command in '/home/invictron/MOANS/src/my_project' returned '0': DEBUGINFOD_URLS=https://debuginfod.ubuntu.com PYTHONPATH=/home/invictron/MOANS/src/build/my_project/prefix_override:/usr/lib/python3/dist-packages/colcon_core/task/python/colcon_distutils_commands:/home/invictron/MOANS/src/install/my_project/lib/python3.12/site-packages:${PYTHONPATH} /usr/bin/python3 -W ignore:setup.py install is deprecated -W ignore:easy_install command is deprecated setup.py egg_info --egg-base ../build/my_project build --build-base /home/invictron/MOANS/src/build/my_project/build install --record /home/invictron/MOANS/src/build/my_project/install.log --single-version-externally-managed install_data
