running egg_info
writing ../build/my_project/my_project.egg-info/PKG-INFO
writing dependency_links to ../build/my_project/my_project.egg-info/dependency_links.txt
writing entry points to ../build/my_project/my_project.egg-info/entry_points.txt
writing requirements to ../build/my_project/my_project.egg-info/requires.txt
writing top-level names to ../build/my_project/my_project.egg-info/top_level.txt
reading manifest file '../build/my_project/my_project.egg-info/SOURCES.txt'
writing manifest file '../build/my_project/my_project.egg-info/SOURCES.txt'
running build
running build_py
copying my_project/ppo_model.py -> /home/invictron/MOANS/src/build/my_project/build/lib/my_project
running install
running install_lib
copying /home/invictron/MOANS/src/build/my_project/build/lib/my_project/ppo_model.py -> /home/invictron/MOANS/src/install/my_project/lib/python3.12/site-packages/my_project
byte-compiling /home/invictron/MOANS/src/install/my_project/lib/python3.12/site-packages/my_project/ppo_model.py to ppo_model.cpython-312.pyc
running install_data
running install_egg_info
removing '/home/invictron/MOANS/src/install/my_project/lib/python3.12/site-packages/my_project-0.0.0-py3.12.egg-info' (and everything under it)
Copying ../build/my_project/my_project.egg-info to /home/invictron/MOANS/src/install/my_project/lib/python3.12/site-packages/my_project-0.0.0-py3.12.egg-info
running install_scripts
Installing drl_navigator script to /home/invictron/MOANS/src/install/my_project/lib/my_project
Installing train_agent script to /home/invictron/MOANS/src/install/my_project/lib/my_project
writing list of installed files to '/home/invictron/MOANS/src/build/my_project/install.log'
