[0.361s] Invoking command in '/home/invictron/MOANS/src/my_project': DEBUGINFOD_URLS=https://debuginfod.ubuntu.com PYTHONPATH=/home/invictron/MOANS/src/build/my_project/prefix_override:/usr/lib/python3/dist-packages/colcon_core/task/python/colcon_distutils_commands:/home/invictron/MOANS/src/install/my_project/lib/python3.12/site-packages:${PYTHONPATH} /usr/bin/python3 -W ignore:setup.py install is deprecated -W ignore:easy_install command is deprecated setup.py egg_info --egg-base ../build/my_project build --build-base /home/invictron/MOANS/src/build/my_project/build install --record /home/invictron/MOANS/src/build/my_project/install.log --single-version-externally-managed install_data
[0.480s] running egg_info
[0.489s] writing ../build/my_project/my_project.egg-info/PKG-INFO
[0.489s] writing dependency_links to ../build/my_project/my_project.egg-info/dependency_links.txt
[0.489s] writing entry points to ../build/my_project/my_project.egg-info/entry_points.txt
[0.489s] writing requirements to ../build/my_project/my_project.egg-info/requires.txt
[0.489s] writing top-level names to ../build/my_project/my_project.egg-info/top_level.txt
[0.506s] reading manifest file '../build/my_project/my_project.egg-info/SOURCES.txt'
[0.507s] writing manifest file '../build/my_project/my_project.egg-info/SOURCES.txt'
[0.507s] running build
[0.507s] running build_py
[0.507s] copying my_project/ppo_model.py -> /home/invictron/MOANS/src/build/my_project/build/lib/my_project
[0.507s] running install
[0.510s] running install_lib
[0.519s] copying /home/invictron/MOANS/src/build/my_project/build/lib/my_project/ppo_model.py -> /home/invictron/MOANS/src/install/my_project/lib/python3.12/site-packages/my_project
[0.519s] byte-compiling /home/invictron/MOANS/src/install/my_project/lib/python3.12/site-packages/my_project/ppo_model.py to ppo_model.cpython-312.pyc
[0.519s] running install_data
[0.519s] running install_egg_info
[0.529s] removing '/home/invictron/MOANS/src/install/my_project/lib/python3.12/site-packages/my_project-0.0.0-py3.12.egg-info' (and everything under it)
[0.529s] Copying ../build/my_project/my_project.egg-info to /home/invictron/MOANS/src/install/my_project/lib/python3.12/site-packages/my_project-0.0.0-py3.12.egg-info
[0.529s] running install_scripts
[0.587s] Installing drl_navigator script to /home/invictron/MOANS/src/install/my_project/lib/my_project
[0.587s] Installing train_agent script to /home/invictron/MOANS/src/install/my_project/lib/my_project
[0.587s] writing list of installed files to '/home/invictron/MOANS/src/build/my_project/install.log'
[0.599s] Invoked command in '/home/invictron/MOANS/src/my_project' returned '0': DEBUGINFOD_URLS=https://debuginfod.ubuntu.com PYTHONPATH=/home/invictron/MOANS/src/build/my_project/prefix_override:/usr/lib/python3/dist-packages/colcon_core/task/python/colcon_distutils_commands:/home/invictron/MOANS/src/install/my_project/lib/python3.12/site-packages:${PYTHONPATH} /usr/bin/python3 -W ignore:setup.py install is deprecated -W ignore:easy_install command is deprecated setup.py egg_info --egg-base ../build/my_project build --build-base /home/invictron/MOANS/src/build/my_project/build install --record /home/invictron/MOANS/src/build/my_project/install.log --single-version-externally-managed install_data
