/home/invictron/MOANS/src/install/my_project/lib/python3.12/site-packages/my_project/__init__.py
/home/invictron/MOANS/src/install/my_project/lib/python3.12/site-packages/my_project/config.py
/home/invictron/MOANS/src/install/my_project/lib/python3.12/site-packages/my_project/ppo_model.py
/home/invictron/MOANS/src/install/my_project/lib/python3.12/site-packages/my_project/train_agent.py
/home/invictron/MOANS/src/install/my_project/lib/python3.12/site-packages/my_project/logger.py
/home/invictron/MOANS/src/install/my_project/lib/python3.12/site-packages/my_project/drl_navigator.py
/home/invictron/MOANS/src/install/my_project/lib/python3.12/site-packages/my_project/checkpoint_manager.py
/home/invictron/MOANS/src/install/my_project/lib/python3.12/site-packages/my_project/__pycache__/__init__.cpython-312.pyc
/home/invictron/MOANS/src/install/my_project/lib/python3.12/site-packages/my_project/__pycache__/config.cpython-312.pyc
/home/invictron/MOANS/src/install/my_project/lib/python3.12/site-packages/my_project/__pycache__/ppo_model.cpython-312.pyc
/home/invictron/MOANS/src/install/my_project/lib/python3.12/site-packages/my_project/__pycache__/train_agent.cpython-312.pyc
/home/invictron/MOANS/src/install/my_project/lib/python3.12/site-packages/my_project/__pycache__/logger.cpython-312.pyc
/home/invictron/MOANS/src/install/my_project/lib/python3.12/site-packages/my_project/__pycache__/drl_navigator.cpython-312.pyc
/home/invictron/MOANS/src/install/my_project/lib/python3.12/site-packages/my_project/__pycache__/checkpoint_manager.cpython-312.pyc
/home/invictron/MOANS/src/install/my_project/share/ament_index/resource_index/packages/my_project
/home/invictron/MOANS/src/install/my_project/share/my_project/package.xml
/home/invictron/MOANS/src/install/my_project/share/my_project/launch/spawn_robot.launch.py
/home/invictron/MOANS/src/install/my_project/share/my_project/launch/gazebo.launch.py
/home/invictron/MOANS/src/install/my_project/share/my_project/launch/display.launch.py
/home/invictron/MOANS/src/install/my_project/share/my_project/launch/cartographer.launch.py
/home/invictron/MOANS/src/install/my_project/share/my_project/urdf/robot.xacro
/home/invictron/MOANS/src/install/my_project/share/my_project/worlds/empty.sdf
/home/invictron/MOANS/src/install/my_project/share/my_project/worlds/dynamic_corridor.world
/home/invictron/MOANS/src/install/my_project/share/my_project/config/cartographer.lua
/home/invictron/MOANS/src/install/my_project/lib/python3.12/site-packages/my_project-0.0.0-py3.12.egg-info/requires.txt
/home/invictron/MOANS/src/install/my_project/lib/python3.12/site-packages/my_project-0.0.0-py3.12.egg-info/dependency_links.txt
/home/invictron/MOANS/src/install/my_project/lib/python3.12/site-packages/my_project-0.0.0-py3.12.egg-info/SOURCES.txt
/home/invictron/MOANS/src/install/my_project/lib/python3.12/site-packages/my_project-0.0.0-py3.12.egg-info/entry_points.txt
/home/invictron/MOANS/src/install/my_project/lib/python3.12/site-packages/my_project-0.0.0-py3.12.egg-info/top_level.txt
/home/invictron/MOANS/src/install/my_project/lib/python3.12/site-packages/my_project-0.0.0-py3.12.egg-info/PKG-INFO
/home/invictron/MOANS/src/install/my_project/lib/python3.12/site-packages/my_project-0.0.0-py3.12.egg-info/zip-safe
/home/invictron/MOANS/src/install/my_project/lib/my_project/drl_navigator
/home/invictron/MOANS/src/install/my_project/lib/my_project/train_agent
